Internal Server Error: /api/videos
Traceback (most recent call last):
  File "/home/ramil/MyProjects/Hakaton2025/.venv/lib/python3.10/site-packages/django/core/handlers/exception.py", line 55, in inner
    response = get_response(request)
  File "/home/ramil/MyProjects/Hakaton2025/.venv/lib/python3.10/site-packages/django/utils/deprecation.py", line 122, in __call__
    response = self.process_response(request, response)
  File "/home/ramil/MyProjects/Hakaton2025/.venv/lib/python3.10/site-packages/django/middleware/common.py", line 108, in process_response
    return self.response_redirect_class(self.get_full_path_with_slash(request))
  File "/home/ramil/MyProjects/Hakaton2025/.venv/lib/python3.10/site-packages/django/middleware/common.py", line 87, in get_full_path_with_slash
    raise RuntimeError(
RuntimeError: You called this URL via POST, but the URL doesn't end in a slash and you have APPEND_SLASH set. Django can't redirect to the slash URL while maintaining POST data. Change your form to point to localhost:8000/api/videos/ (note the trailing slash), or set APPEND_SLASH=False in your Django settings.
Internal Server Error: /api/videos
Traceback (most recent call last):
  File "/home/ramil/MyProjects/Hakaton2025/.venv/lib/python3.10/site-packages/django/core/handlers/exception.py", line 55, in inner
    response = get_response(request)
  File "/home/ramil/MyProjects/Hakaton2025/.venv/lib/python3.10/site-packages/django/utils/deprecation.py", line 122, in __call__
    response = self.process_response(request, response)
  File "/home/ramil/MyProjects/Hakaton2025/.venv/lib/python3.10/site-packages/django/middleware/common.py", line 108, in process_response
    return self.response_redirect_class(self.get_full_path_with_slash(request))
  File "/home/ramil/MyProjects/Hakaton2025/.venv/lib/python3.10/site-packages/django/middleware/common.py", line 87, in get_full_path_with_slash
    raise RuntimeError(
RuntimeError: You called this URL via POST, but the URL doesn't end in a slash and you have APPEND_SLASH set. Django can't redirect to the slash URL while maintaining POST data. Change your form to point to localhost:8000/api/videos/ (note the trailing slash), or set APPEND_SLASH=False in your Django settings.
Internal Server Error: /api/videos
Traceback (most recent call last):
  File "/home/ramil/MyProjects/Hakaton2025/.venv/lib/python3.10/site-packages/django/core/handlers/exception.py", line 55, in inner
    response = get_response(request)
  File "/home/ramil/MyProjects/Hakaton2025/.venv/lib/python3.10/site-packages/django/utils/deprecation.py", line 122, in __call__
    response = self.process_response(request, response)
  File "/home/ramil/MyProjects/Hakaton2025/.venv/lib/python3.10/site-packages/django/middleware/common.py", line 108, in process_response
    return self.response_redirect_class(self.get_full_path_with_slash(request))
  File "/home/ramil/MyProjects/Hakaton2025/.venv/lib/python3.10/site-packages/django/middleware/common.py", line 87, in get_full_path_with_slash
    raise RuntimeError(
RuntimeError: You called this URL via POST, but the URL doesn't end in a slash and you have APPEND_SLASH set. Django can't redirect to the slash URL while maintaining POST data. Change your form to point to localhost:8000/api/videos/ (note the trailing slash), or set APPEND_SLASH=False in your Django settings.
Internal Server Error: /api/videos
Traceback (most recent call last):
  File "/home/ramil/MyProjects/Hakaton2025/.venv/lib/python3.10/site-packages/django/core/handlers/exception.py", line 55, in inner
    response = get_response(request)
  File "/home/ramil/MyProjects/Hakaton2025/.venv/lib/python3.10/site-packages/django/utils/deprecation.py", line 122, in __call__
    response = self.process_response(request, response)
  File "/home/ramil/MyProjects/Hakaton2025/.venv/lib/python3.10/site-packages/django/middleware/common.py", line 108, in process_response
    return self.response_redirect_class(self.get_full_path_with_slash(request))
  File "/home/ramil/MyProjects/Hakaton2025/.venv/lib/python3.10/site-packages/django/middleware/common.py", line 87, in get_full_path_with_slash
    raise RuntimeError(
RuntimeError: You called this URL via POST, but the URL doesn't end in a slash and you have APPEND_SLASH set. Django can't redirect to the slash URL while maintaining POST data. Change your form to point to localhost:8000/api/videos/ (note the trailing slash), or set APPEND_SLASH=False in your Django settings.
Internal Server Error: /api/videos
Traceback (most recent call last):
  File "/home/ramil/MyProjects/Hakaton2025/.venv/lib/python3.10/site-packages/django/core/handlers/exception.py", line 55, in inner
    response = get_response(request)
  File "/home/ramil/MyProjects/Hakaton2025/.venv/lib/python3.10/site-packages/django/utils/deprecation.py", line 122, in __call__
    response = self.process_response(request, response)
  File "/home/ramil/MyProjects/Hakaton2025/.venv/lib/python3.10/site-packages/django/middleware/common.py", line 108, in process_response
    return self.response_redirect_class(self.get_full_path_with_slash(request))
  File "/home/ramil/MyProjects/Hakaton2025/.venv/lib/python3.10/site-packages/django/middleware/common.py", line 87, in get_full_path_with_slash
    raise RuntimeError(
RuntimeError: You called this URL via POST, but the URL doesn't end in a slash and you have APPEND_SLASH set. Django can't redirect to the slash URL while maintaining POST data. Change your form to point to localhost:8000/api/videos/ (note the trailing slash), or set APPEND_SLASH=False in your Django settings.
Internal Server Error: /api/videos
Traceback (most recent call last):
  File "/home/ramil/MyProjects/Hakaton2025/.venv/lib/python3.10/site-packages/django/core/handlers/exception.py", line 55, in inner
    response = get_response(request)
  File "/home/ramil/MyProjects/Hakaton2025/.venv/lib/python3.10/site-packages/django/utils/deprecation.py", line 122, in __call__
    response = self.process_response(request, response)
  File "/home/ramil/MyProjects/Hakaton2025/.venv/lib/python3.10/site-packages/django/middleware/common.py", line 108, in process_response
    return self.response_redirect_class(self.get_full_path_with_slash(request))
  File "/home/ramil/MyProjects/Hakaton2025/.venv/lib/python3.10/site-packages/django/middleware/common.py", line 87, in get_full_path_with_slash
    raise RuntimeError(
RuntimeError: You called this URL via POST, but the URL doesn't end in a slash and you have APPEND_SLASH set. Django can't redirect to the slash URL while maintaining POST data. Change your form to point to localhost:8000/api/videos/ (note the trailing slash), or set APPEND_SLASH=False in your Django settings.
Internal Server Error: /api/videos
Traceback (most recent call last):
  File "/home/ramil/MyProjects/Hakaton2025/.venv/lib/python3.10/site-packages/django/core/handlers/exception.py", line 55, in inner
    response = get_response(request)
  File "/home/ramil/MyProjects/Hakaton2025/.venv/lib/python3.10/site-packages/django/utils/deprecation.py", line 122, in __call__
    response = self.process_response(request, response)
  File "/home/ramil/MyProjects/Hakaton2025/.venv/lib/python3.10/site-packages/django/middleware/common.py", line 108, in process_response
    return self.response_redirect_class(self.get_full_path_with_slash(request))
  File "/home/ramil/MyProjects/Hakaton2025/.venv/lib/python3.10/site-packages/django/middleware/common.py", line 87, in get_full_path_with_slash
    raise RuntimeError(
RuntimeError: You called this URL via POST, but the URL doesn't end in a slash and you have APPEND_SLASH set. Django can't redirect to the slash URL while maintaining POST data. Change your form to point to localhost:8000/api/videos/ (note the trailing slash), or set APPEND_SLASH=False in your Django settings.
Internal Server Error: /api/videos
Traceback (most recent call last):
  File "/home/ramil/MyProjects/Hakaton2025/.venv/lib/python3.10/site-packages/django/core/handlers/exception.py", line 55, in inner
    response = get_response(request)
  File "/home/ramil/MyProjects/Hakaton2025/.venv/lib/python3.10/site-packages/django/utils/deprecation.py", line 122, in __call__
    response = self.process_response(request, response)
  File "/home/ramil/MyProjects/Hakaton2025/.venv/lib/python3.10/site-packages/django/middleware/common.py", line 108, in process_response
    return self.response_redirect_class(self.get_full_path_with_slash(request))
  File "/home/ramil/MyProjects/Hakaton2025/.venv/lib/python3.10/site-packages/django/middleware/common.py", line 87, in get_full_path_with_slash
    raise RuntimeError(
RuntimeError: You called this URL via POST, but the URL doesn't end in a slash and you have APPEND_SLASH set. Django can't redirect to the slash URL while maintaining POST data. Change your form to point to localhost:8000/api/videos/ (note the trailing slash), or set APPEND_SLASH=False in your Django settings.
Unauthorized: /api/videos/
Unauthorized: /api/videos/
Not Found: /videos/
Unauthorized: /api/videos/
Unauthorized: /api/videos/
Unauthorized: /api/videos/
Internal Server Error: /api/token/refresh/
Traceback (most recent call last):
  File "/home/ramil/MyProjects/Hakaton2025/.venv/lib/python3.10/site-packages/django/core/handlers/exception.py", line 55, in inner
    response = get_response(request)
  File "/home/ramil/MyProjects/Hakaton2025/.venv/lib/python3.10/site-packages/django/core/handlers/base.py", line 197, in _get_response
    response = wrapped_callback(request, *callback_args, **callback_kwargs)
  File "/home/ramil/MyProjects/Hakaton2025/.venv/lib/python3.10/site-packages/django/views/decorators/csrf.py", line 65, in _view_wrapper
    return view_func(request, *args, **kwargs)
  File "/home/ramil/MyProjects/Hakaton2025/.venv/lib/python3.10/site-packages/django/views/generic/base.py", line 105, in view
    return self.dispatch(request, *args, **kwargs)
  File "/home/ramil/MyProjects/Hakaton2025/.venv/lib/python3.10/site-packages/rest_framework/views.py", line 515, in dispatch
    response = self.handle_exception(exc)
  File "/home/ramil/MyProjects/Hakaton2025/.venv/lib/python3.10/site-packages/rest_framework/views.py", line 475, in handle_exception
    self.raise_uncaught_exception(exc)
  File "/home/ramil/MyProjects/Hakaton2025/.venv/lib/python3.10/site-packages/rest_framework/views.py", line 486, in raise_uncaught_exception
    raise exc
  File "/home/ramil/MyProjects/Hakaton2025/.venv/lib/python3.10/site-packages/rest_framework/views.py", line 512, in dispatch
    response = handler(request, *args, **kwargs)
  File "/home/ramil/MyProjects/Hakaton2025/.venv/lib/python3.10/site-packages/rest_framework_simplejwt/views.py", line 44, in post
    serializer.is_valid(raise_exception=True)
  File "/home/ramil/MyProjects/Hakaton2025/.venv/lib/python3.10/site-packages/rest_framework/serializers.py", line 225, in is_valid
    self._validated_data = self.run_validation(self.initial_data)
  File "/home/ramil/MyProjects/Hakaton2025/.venv/lib/python3.10/site-packages/rest_framework/serializers.py", line 447, in run_validation
    value = self.validate(value)
  File "/home/ramil/MyProjects/Hakaton2025/.venv/lib/python3.10/site-packages/rest_framework_simplejwt/serializers.py", line 141, in validate
    refresh.outstand()
  File "/home/ramil/MyProjects/Hakaton2025/.venv/lib/python3.10/site-packages/rest_framework_simplejwt/tokens.py", line 222, in outstand
    return OutstandingToken.objects.get_or_create(
AttributeError: type object 'OutstandingToken' has no attribute 'objects'
Internal Server Error: /api/videos/
Traceback (most recent call last):
  File "/home/ramil/MyProjects/Hakaton2025/.venv/lib/python3.10/site-packages/django/core/handlers/exception.py", line 55, in inner
    response = get_response(request)
  File "/home/ramil/MyProjects/Hakaton2025/.venv/lib/python3.10/site-packages/django/core/handlers/base.py", line 197, in _get_response
    response = wrapped_callback(request, *callback_args, **callback_kwargs)
  File "/home/ramil/MyProjects/Hakaton2025/.venv/lib/python3.10/site-packages/django/views/decorators/csrf.py", line 65, in _view_wrapper
    return view_func(request, *args, **kwargs)
  File "/home/ramil/MyProjects/Hakaton2025/.venv/lib/python3.10/site-packages/rest_framework/viewsets.py", line 125, in view
    return self.dispatch(request, *args, **kwargs)
  File "/home/ramil/MyProjects/Hakaton2025/.venv/lib/python3.10/site-packages/rest_framework/views.py", line 515, in dispatch
    response = self.handle_exception(exc)
  File "/home/ramil/MyProjects/Hakaton2025/.venv/lib/python3.10/site-packages/rest_framework/views.py", line 475, in handle_exception
    self.raise_uncaught_exception(exc)
  File "/home/ramil/MyProjects/Hakaton2025/.venv/lib/python3.10/site-packages/rest_framework/views.py", line 486, in raise_uncaught_exception
    raise exc
  File "/home/ramil/MyProjects/Hakaton2025/.venv/lib/python3.10/site-packages/rest_framework/views.py", line 512, in dispatch
    response = handler(request, *args, **kwargs)
  File "/home/ramil/MyProjects/Hakaton2025/.venv/lib/python3.10/site-packages/rest_framework/mixins.py", line 18, in create
    serializer.is_valid(raise_exception=True)
  File "/home/ramil/MyProjects/Hakaton2025/.venv/lib/python3.10/site-packages/rest_framework/serializers.py", line 225, in is_valid
    self._validated_data = self.run_validation(self.initial_data)
  File "/home/ramil/MyProjects/Hakaton2025/.venv/lib/python3.10/site-packages/rest_framework/serializers.py", line 444, in run_validation
    value = self.to_internal_value(data)
  File "/home/ramil/MyProjects/Hakaton2025/.venv/lib/python3.10/site-packages/rest_framework/serializers.py", line 497, in to_internal_value
    for field in fields:
  File "/home/ramil/MyProjects/Hakaton2025/.venv/lib/python3.10/site-packages/rest_framework/serializers.py", line 380, in _writable_fields
    for field in self.fields.values():
  File "/home/ramil/MyProjects/Hakaton2025/.venv/lib/python3.10/site-packages/django/utils/functional.py", line 47, in __get__
    res = instance.__dict__[self.name] = self.func(instance)
  File "/home/ramil/MyProjects/Hakaton2025/.venv/lib/python3.10/site-packages/rest_framework/serializers.py", line 374, in fields
    for key, value in self.get_fields().items():
  File "/home/ramil/MyProjects/Hakaton2025/.venv/lib/python3.10/site-packages/rest_framework/serializers.py", line 1105, in get_fields
    field_class, field_kwargs = self.build_field(
  File "/home/ramil/MyProjects/Hakaton2025/.venv/lib/python3.10/site-packages/rest_framework/serializers.py", line 1251, in build_field
    return self.build_unknown_field(field_name, model_class)
  File "/home/ramil/MyProjects/Hakaton2025/.venv/lib/python3.10/site-packages/rest_framework/serializers.py", line 1369, in build_unknown_field
    raise ImproperlyConfigured(
django.core.exceptions.ImproperlyConfigured: Field name `views_count` is not valid for model `Video` in `api.serializers.VideoSerializer`.
Internal Server Error: /api/videos/
Traceback (most recent call last):
  File "/home/ramil/MyProjects/Hakaton2025/.venv/lib/python3.10/site-packages/django/core/handlers/exception.py", line 55, in inner
    response = get_response(request)
  File "/home/ramil/MyProjects/Hakaton2025/.venv/lib/python3.10/site-packages/django/core/handlers/base.py", line 197, in _get_response
    response = wrapped_callback(request, *callback_args, **callback_kwargs)
  File "/home/ramil/MyProjects/Hakaton2025/.venv/lib/python3.10/site-packages/django/views/decorators/csrf.py", line 65, in _view_wrapper
    return view_func(request, *args, **kwargs)
  File "/home/ramil/MyProjects/Hakaton2025/.venv/lib/python3.10/site-packages/rest_framework/viewsets.py", line 125, in view
    return self.dispatch(request, *args, **kwargs)
  File "/home/ramil/MyProjects/Hakaton2025/.venv/lib/python3.10/site-packages/rest_framework/views.py", line 515, in dispatch
    response = self.handle_exception(exc)
  File "/home/ramil/MyProjects/Hakaton2025/.venv/lib/python3.10/site-packages/rest_framework/views.py", line 475, in handle_exception
    self.raise_uncaught_exception(exc)
  File "/home/ramil/MyProjects/Hakaton2025/.venv/lib/python3.10/site-packages/rest_framework/views.py", line 486, in raise_uncaught_exception
    raise exc
  File "/home/ramil/MyProjects/Hakaton2025/.venv/lib/python3.10/site-packages/rest_framework/views.py", line 512, in dispatch
    response = handler(request, *args, **kwargs)
  File "/home/ramil/MyProjects/Hakaton2025/.venv/lib/python3.10/site-packages/rest_framework/mixins.py", line 18, in create
    serializer.is_valid(raise_exception=True)
  File "/home/ramil/MyProjects/Hakaton2025/.venv/lib/python3.10/site-packages/rest_framework/serializers.py", line 225, in is_valid
    self._validated_data = self.run_validation(self.initial_data)
  File "/home/ramil/MyProjects/Hakaton2025/.venv/lib/python3.10/site-packages/rest_framework/serializers.py", line 444, in run_validation
    value = self.to_internal_value(data)
  File "/home/ramil/MyProjects/Hakaton2025/.venv/lib/python3.10/site-packages/rest_framework/serializers.py", line 497, in to_internal_value
    for field in fields:
  File "/home/ramil/MyProjects/Hakaton2025/.venv/lib/python3.10/site-packages/rest_framework/serializers.py", line 380, in _writable_fields
    for field in self.fields.values():
  File "/home/ramil/MyProjects/Hakaton2025/.venv/lib/python3.10/site-packages/django/utils/functional.py", line 47, in __get__
    res = instance.__dict__[self.name] = self.func(instance)
  File "/home/ramil/MyProjects/Hakaton2025/.venv/lib/python3.10/site-packages/rest_framework/serializers.py", line 374, in fields
    for key, value in self.get_fields().items():
  File "/home/ramil/MyProjects/Hakaton2025/.venv/lib/python3.10/site-packages/rest_framework/serializers.py", line 1105, in get_fields
    field_class, field_kwargs = self.build_field(
  File "/home/ramil/MyProjects/Hakaton2025/.venv/lib/python3.10/site-packages/rest_framework/serializers.py", line 1251, in build_field
    return self.build_unknown_field(field_name, model_class)
  File "/home/ramil/MyProjects/Hakaton2025/.venv/lib/python3.10/site-packages/rest_framework/serializers.py", line 1369, in build_unknown_field
    raise ImproperlyConfigured(
django.core.exceptions.ImproperlyConfigured: Field name `thumbnail` is not valid for model `Video` in `api.serializers.VideoSerializer`.
Bad Request: /api/videos/
Bad Request: /api/videos/
Bad Request: /api/videos/
Bad Request: /api/videos/
Bad Request: /api/videos/
Bad Request: /api/videos/
Bad Request: /api/videos/
Unauthorized: /api/videos/
Unauthorized: /api/videos/
Unauthorized: /api/videos/
Unauthorized: /api/videos/
Unauthorized: /api/videos/
Unauthorized: /api/videos/
Not Found: /api/refresh
Not Found: /api/refrash
Not Found: /api/refresh/
Method Not Allowed: /api/token/refresh/
Unauthorized: /api/token/refresh/
Method Not Allowed: /api/token/
Not Found: /
Method Not Allowed: /api/token/refresh/
Unauthorized: /api/videos/
Internal Server Error: /api/videos/
Traceback (most recent call last):
  File "/home/ramil/MyProjects/Hakaton2025/.venv/lib/python3.10/site-packages/django/db/backends/utils.py", line 105, in _execute
    return self.cursor.execute(sql, params)
  File "/home/ramil/MyProjects/Hakaton2025/.venv/lib/python3.10/site-packages/django/db/backends/sqlite3/base.py", line 360, in execute
    return super().execute(query, params)
sqlite3.IntegrityError: NOT NULL constraint failed: api_video.owner_id

The above exception was the direct cause of the following exception:

Traceback (most recent call last):
  File "/home/ramil/MyProjects/Hakaton2025/.venv/lib/python3.10/site-packages/django/core/handlers/exception.py", line 55, in inner
    response = get_response(request)
  File "/home/ramil/MyProjects/Hakaton2025/.venv/lib/python3.10/site-packages/django/core/handlers/base.py", line 197, in _get_response
    response = wrapped_callback(request, *callback_args, **callback_kwargs)
  File "/home/ramil/MyProjects/Hakaton2025/.venv/lib/python3.10/site-packages/django/views/decorators/csrf.py", line 65, in _view_wrapper
    return view_func(request, *args, **kwargs)
  File "/home/ramil/MyProjects/Hakaton2025/.venv/lib/python3.10/site-packages/rest_framework/viewsets.py", line 125, in view
    return self.dispatch(request, *args, **kwargs)
  File "/home/ramil/MyProjects/Hakaton2025/.venv/lib/python3.10/site-packages/rest_framework/views.py", line 515, in dispatch
    response = self.handle_exception(exc)
  File "/home/ramil/MyProjects/Hakaton2025/.venv/lib/python3.10/site-packages/rest_framework/views.py", line 475, in handle_exception
    self.raise_uncaught_exception(exc)
  File "/home/ramil/MyProjects/Hakaton2025/.venv/lib/python3.10/site-packages/rest_framework/views.py", line 486, in raise_uncaught_exception
    raise exc
  File "/home/ramil/MyProjects/Hakaton2025/.venv/lib/python3.10/site-packages/rest_framework/views.py", line 512, in dispatch
    response = handler(request, *args, **kwargs)
  File "/home/ramil/MyProjects/Hakaton2025/.venv/lib/python3.10/site-packages/rest_framework/mixins.py", line 19, in create
    self.perform_create(serializer)
  File "/home/ramil/MyProjects/Hakaton2025/.venv/lib/python3.10/site-packages/rest_framework/mixins.py", line 24, in perform_create
    serializer.save()
  File "/home/ramil/MyProjects/Hakaton2025/.venv/lib/python3.10/site-packages/rest_framework/serializers.py", line 210, in save
    self.instance = self.create(validated_data)
  File "/home/ramil/MyProjects/Hakaton2025/.venv/lib/python3.10/site-packages/rest_framework/serializers.py", line 991, in create
    instance = ModelClass._default_manager.create(**validated_data)
  File "/home/ramil/MyProjects/Hakaton2025/.venv/lib/python3.10/site-packages/django/db/models/manager.py", line 87, in manager_method
    return getattr(self.get_queryset(), name)(*args, **kwargs)
  File "/home/ramil/MyProjects/Hakaton2025/.venv/lib/python3.10/site-packages/django/db/models/query.py", line 663, in create
    obj.save(force_insert=True, using=self.db)
  File "/home/ramil/MyProjects/Hakaton2025/.venv/lib/python3.10/site-packages/django/db/models/base.py", line 902, in save
    self.save_base(
  File "/home/ramil/MyProjects/Hakaton2025/.venv/lib/python3.10/site-packages/django/db/models/base.py", line 1008, in save_base
    updated = self._save_table(
  File "/home/ramil/MyProjects/Hakaton2025/.venv/lib/python3.10/site-packages/django/db/models/base.py", line 1169, in _save_table
    results = self._do_insert(
  File "/home/ramil/MyProjects/Hakaton2025/.venv/lib/python3.10/site-packages/django/db/models/base.py", line 1210, in _do_insert
    return manager._insert(
  File "/home/ramil/MyProjects/Hakaton2025/.venv/lib/python3.10/site-packages/django/db/models/manager.py", line 87, in manager_method
    return getattr(self.get_queryset(), name)(*args, **kwargs)
  File "/home/ramil/MyProjects/Hakaton2025/.venv/lib/python3.10/site-packages/django/db/models/query.py", line 1868, in _insert
    return query.get_compiler(using=using).execute_sql(returning_fields)
  File "/home/ramil/MyProjects/Hakaton2025/.venv/lib/python3.10/site-packages/django/db/models/sql/compiler.py", line 1882, in execute_sql
    cursor.execute(sql, params)
  File "/home/ramil/MyProjects/Hakaton2025/.venv/lib/python3.10/site-packages/django/db/backends/utils.py", line 122, in execute
    return super().execute(sql, params)
  File "/home/ramil/MyProjects/Hakaton2025/.venv/lib/python3.10/site-packages/django/db/backends/utils.py", line 79, in execute
    return self._execute_with_wrappers(
  File "/home/ramil/MyProjects/Hakaton2025/.venv/lib/python3.10/site-packages/django/db/backends/utils.py", line 92, in _execute_with_wrappers
    return executor(sql, params, many, context)
  File "/home/ramil/MyProjects/Hakaton2025/.venv/lib/python3.10/site-packages/django/db/backends/utils.py", line 100, in _execute
    with self.db.wrap_database_errors:
  File "/home/ramil/MyProjects/Hakaton2025/.venv/lib/python3.10/site-packages/django/db/utils.py", line 91, in __exit__
    raise dj_exc_value.with_traceback(traceback) from exc_value
  File "/home/ramil/MyProjects/Hakaton2025/.venv/lib/python3.10/site-packages/django/db/backends/utils.py", line 105, in _execute
    return self.cursor.execute(sql, params)
  File "/home/ramil/MyProjects/Hakaton2025/.venv/lib/python3.10/site-packages/django/db/backends/sqlite3/base.py", line 360, in execute
    return super().execute(query, params)
django.db.utils.IntegrityError: NOT NULL constraint failed: api_video.owner_id
Internal Server Error: /api/videos/
Traceback (most recent call last):
  File "/home/ramil/MyProjects/Hakaton2025/.venv/lib/python3.10/site-packages/django/db/backends/utils.py", line 105, in _execute
    return self.cursor.execute(sql, params)
  File "/home/ramil/MyProjects/Hakaton2025/.venv/lib/python3.10/site-packages/django/db/backends/sqlite3/base.py", line 360, in execute
    return super().execute(query, params)
sqlite3.IntegrityError: NOT NULL constraint failed: api_video.owner_id

The above exception was the direct cause of the following exception:

Traceback (most recent call last):
  File "/home/ramil/MyProjects/Hakaton2025/.venv/lib/python3.10/site-packages/django/core/handlers/exception.py", line 55, in inner
    response = get_response(request)
  File "/home/ramil/MyProjects/Hakaton2025/.venv/lib/python3.10/site-packages/django/core/handlers/base.py", line 197, in _get_response
    response = wrapped_callback(request, *callback_args, **callback_kwargs)
  File "/home/ramil/MyProjects/Hakaton2025/.venv/lib/python3.10/site-packages/django/views/decorators/csrf.py", line 65, in _view_wrapper
    return view_func(request, *args, **kwargs)
  File "/home/ramil/MyProjects/Hakaton2025/.venv/lib/python3.10/site-packages/rest_framework/viewsets.py", line 125, in view
    return self.dispatch(request, *args, **kwargs)
  File "/home/ramil/MyProjects/Hakaton2025/.venv/lib/python3.10/site-packages/rest_framework/views.py", line 515, in dispatch
    response = self.handle_exception(exc)
  File "/home/ramil/MyProjects/Hakaton2025/.venv/lib/python3.10/site-packages/rest_framework/views.py", line 475, in handle_exception
    self.raise_uncaught_exception(exc)
  File "/home/ramil/MyProjects/Hakaton2025/.venv/lib/python3.10/site-packages/rest_framework/views.py", line 486, in raise_uncaught_exception
    raise exc
  File "/home/ramil/MyProjects/Hakaton2025/.venv/lib/python3.10/site-packages/rest_framework/views.py", line 512, in dispatch
    response = handler(request, *args, **kwargs)
  File "/home/ramil/MyProjects/Hakaton2025/.venv/lib/python3.10/site-packages/rest_framework/mixins.py", line 19, in create
    self.perform_create(serializer)
  File "/home/ramil/MyProjects/Hakaton2025/.venv/lib/python3.10/site-packages/rest_framework/mixins.py", line 24, in perform_create
    serializer.save()
  File "/home/ramil/MyProjects/Hakaton2025/.venv/lib/python3.10/site-packages/rest_framework/serializers.py", line 210, in save
    self.instance = self.create(validated_data)
  File "/home/ramil/MyProjects/Hakaton2025/.venv/lib/python3.10/site-packages/rest_framework/serializers.py", line 991, in create
    instance = ModelClass._default_manager.create(**validated_data)
  File "/home/ramil/MyProjects/Hakaton2025/.venv/lib/python3.10/site-packages/django/db/models/manager.py", line 87, in manager_method
    return getattr(self.get_queryset(), name)(*args, **kwargs)
  File "/home/ramil/MyProjects/Hakaton2025/.venv/lib/python3.10/site-packages/django/db/models/query.py", line 663, in create
    obj.save(force_insert=True, using=self.db)
  File "/home/ramil/MyProjects/Hakaton2025/.venv/lib/python3.10/site-packages/django/db/models/base.py", line 902, in save
    self.save_base(
  File "/home/ramil/MyProjects/Hakaton2025/.venv/lib/python3.10/site-packages/django/db/models/base.py", line 1008, in save_base
    updated = self._save_table(
  File "/home/ramil/MyProjects/Hakaton2025/.venv/lib/python3.10/site-packages/django/db/models/base.py", line 1169, in _save_table
    results = self._do_insert(
  File "/home/ramil/MyProjects/Hakaton2025/.venv/lib/python3.10/site-packages/django/db/models/base.py", line 1210, in _do_insert
    return manager._insert(
  File "/home/ramil/MyProjects/Hakaton2025/.venv/lib/python3.10/site-packages/django/db/models/manager.py", line 87, in manager_method
    return getattr(self.get_queryset(), name)(*args, **kwargs)
  File "/home/ramil/MyProjects/Hakaton2025/.venv/lib/python3.10/site-packages/django/db/models/query.py", line 1868, in _insert
    return query.get_compiler(using=using).execute_sql(returning_fields)
  File "/home/ramil/MyProjects/Hakaton2025/.venv/lib/python3.10/site-packages/django/db/models/sql/compiler.py", line 1882, in execute_sql
    cursor.execute(sql, params)
  File "/home/ramil/MyProjects/Hakaton2025/.venv/lib/python3.10/site-packages/django/db/backends/utils.py", line 122, in execute
    return super().execute(sql, params)
  File "/home/ramil/MyProjects/Hakaton2025/.venv/lib/python3.10/site-packages/django/db/backends/utils.py", line 79, in execute
    return self._execute_with_wrappers(
  File "/home/ramil/MyProjects/Hakaton2025/.venv/lib/python3.10/site-packages/django/db/backends/utils.py", line 92, in _execute_with_wrappers
    return executor(sql, params, many, context)
  File "/home/ramil/MyProjects/Hakaton2025/.venv/lib/python3.10/site-packages/django/db/backends/utils.py", line 100, in _execute
    with self.db.wrap_database_errors:
  File "/home/ramil/MyProjects/Hakaton2025/.venv/lib/python3.10/site-packages/django/db/utils.py", line 91, in __exit__
    raise dj_exc_value.with_traceback(traceback) from exc_value
  File "/home/ramil/MyProjects/Hakaton2025/.venv/lib/python3.10/site-packages/django/db/backends/utils.py", line 105, in _execute
    return self.cursor.execute(sql, params)
  File "/home/ramil/MyProjects/Hakaton2025/.venv/lib/python3.10/site-packages/django/db/backends/sqlite3/base.py", line 360, in execute
    return super().execute(query, params)
django.db.utils.IntegrityError: NOT NULL constraint failed: api_video.owner_id
Internal Server Error: /api/videos/
Traceback (most recent call last):
  File "/home/ramil/MyProjects/Hakaton2025/.venv/lib/python3.10/site-packages/django/db/backends/utils.py", line 105, in _execute
    return self.cursor.execute(sql, params)
  File "/home/ramil/MyProjects/Hakaton2025/.venv/lib/python3.10/site-packages/django/db/backends/sqlite3/base.py", line 360, in execute
    return super().execute(query, params)
sqlite3.IntegrityError: NOT NULL constraint failed: api_video.owner_id

The above exception was the direct cause of the following exception:

Traceback (most recent call last):
  File "/home/ramil/MyProjects/Hakaton2025/.venv/lib/python3.10/site-packages/django/core/handlers/exception.py", line 55, in inner
    response = get_response(request)
  File "/home/ramil/MyProjects/Hakaton2025/.venv/lib/python3.10/site-packages/django/core/handlers/base.py", line 197, in _get_response
    response = wrapped_callback(request, *callback_args, **callback_kwargs)
  File "/home/ramil/MyProjects/Hakaton2025/.venv/lib/python3.10/site-packages/django/views/decorators/csrf.py", line 65, in _view_wrapper
    return view_func(request, *args, **kwargs)
  File "/home/ramil/MyProjects/Hakaton2025/.venv/lib/python3.10/site-packages/rest_framework/viewsets.py", line 125, in view
    return self.dispatch(request, *args, **kwargs)
  File "/home/ramil/MyProjects/Hakaton2025/.venv/lib/python3.10/site-packages/rest_framework/views.py", line 515, in dispatch
    response = self.handle_exception(exc)
  File "/home/ramil/MyProjects/Hakaton2025/.venv/lib/python3.10/site-packages/rest_framework/views.py", line 475, in handle_exception
    self.raise_uncaught_exception(exc)
  File "/home/ramil/MyProjects/Hakaton2025/.venv/lib/python3.10/site-packages/rest_framework/views.py", line 486, in raise_uncaught_exception
    raise exc
  File "/home/ramil/MyProjects/Hakaton2025/.venv/lib/python3.10/site-packages/rest_framework/views.py", line 512, in dispatch
    response = handler(request, *args, **kwargs)
  File "/home/ramil/MyProjects/Hakaton2025/.venv/lib/python3.10/site-packages/rest_framework/mixins.py", line 19, in create
    self.perform_create(serializer)
  File "/home/ramil/MyProjects/Hakaton2025/.venv/lib/python3.10/site-packages/rest_framework/mixins.py", line 24, in perform_create
    serializer.save()
  File "/home/ramil/MyProjects/Hakaton2025/.venv/lib/python3.10/site-packages/rest_framework/serializers.py", line 210, in save
    self.instance = self.create(validated_data)
  File "/home/ramil/MyProjects/Hakaton2025/.venv/lib/python3.10/site-packages/rest_framework/serializers.py", line 991, in create
    instance = ModelClass._default_manager.create(**validated_data)
  File "/home/ramil/MyProjects/Hakaton2025/.venv/lib/python3.10/site-packages/django/db/models/manager.py", line 87, in manager_method
    return getattr(self.get_queryset(), name)(*args, **kwargs)
  File "/home/ramil/MyProjects/Hakaton2025/.venv/lib/python3.10/site-packages/django/db/models/query.py", line 663, in create
    obj.save(force_insert=True, using=self.db)
  File "/home/ramil/MyProjects/Hakaton2025/.venv/lib/python3.10/site-packages/django/db/models/base.py", line 902, in save
    self.save_base(
  File "/home/ramil/MyProjects/Hakaton2025/.venv/lib/python3.10/site-packages/django/db/models/base.py", line 1008, in save_base
    updated = self._save_table(
  File "/home/ramil/MyProjects/Hakaton2025/.venv/lib/python3.10/site-packages/django/db/models/base.py", line 1169, in _save_table
    results = self._do_insert(
  File "/home/ramil/MyProjects/Hakaton2025/.venv/lib/python3.10/site-packages/django/db/models/base.py", line 1210, in _do_insert
    return manager._insert(
  File "/home/ramil/MyProjects/Hakaton2025/.venv/lib/python3.10/site-packages/django/db/models/manager.py", line 87, in manager_method
    return getattr(self.get_queryset(), name)(*args, **kwargs)
  File "/home/ramil/MyProjects/Hakaton2025/.venv/lib/python3.10/site-packages/django/db/models/query.py", line 1868, in _insert
    return query.get_compiler(using=using).execute_sql(returning_fields)
  File "/home/ramil/MyProjects/Hakaton2025/.venv/lib/python3.10/site-packages/django/db/models/sql/compiler.py", line 1882, in execute_sql
    cursor.execute(sql, params)
  File "/home/ramil/MyProjects/Hakaton2025/.venv/lib/python3.10/site-packages/django/db/backends/utils.py", line 122, in execute
    return super().execute(sql, params)
  File "/home/ramil/MyProjects/Hakaton2025/.venv/lib/python3.10/site-packages/django/db/backends/utils.py", line 79, in execute
    return self._execute_with_wrappers(
  File "/home/ramil/MyProjects/Hakaton2025/.venv/lib/python3.10/site-packages/django/db/backends/utils.py", line 92, in _execute_with_wrappers
    return executor(sql, params, many, context)
  File "/home/ramil/MyProjects/Hakaton2025/.venv/lib/python3.10/site-packages/django/db/backends/utils.py", line 100, in _execute
    with self.db.wrap_database_errors:
  File "/home/ramil/MyProjects/Hakaton2025/.venv/lib/python3.10/site-packages/django/db/utils.py", line 91, in __exit__
    raise dj_exc_value.with_traceback(traceback) from exc_value
  File "/home/ramil/MyProjects/Hakaton2025/.venv/lib/python3.10/site-packages/django/db/backends/utils.py", line 105, in _execute
    return self.cursor.execute(sql, params)
  File "/home/ramil/MyProjects/Hakaton2025/.venv/lib/python3.10/site-packages/django/db/backends/sqlite3/base.py", line 360, in execute
    return super().execute(query, params)
django.db.utils.IntegrityError: NOT NULL constraint failed: api_video.owner_id
Internal Server Error: /api/videos/
Traceback (most recent call last):
  File "/home/ramil/MyProjects/Hakaton2025/.venv/lib/python3.10/site-packages/django/core/handlers/exception.py", line 55, in inner
    response = get_response(request)
  File "/home/ramil/MyProjects/Hakaton2025/.venv/lib/python3.10/site-packages/django/core/handlers/base.py", line 197, in _get_response
    response = wrapped_callback(request, *callback_args, **callback_kwargs)
  File "/home/ramil/MyProjects/Hakaton2025/.venv/lib/python3.10/site-packages/django/views/decorators/csrf.py", line 65, in _view_wrapper
    return view_func(request, *args, **kwargs)
  File "/home/ramil/MyProjects/Hakaton2025/.venv/lib/python3.10/site-packages/rest_framework/viewsets.py", line 125, in view
    return self.dispatch(request, *args, **kwargs)
  File "/home/ramil/MyProjects/Hakaton2025/.venv/lib/python3.10/site-packages/rest_framework/views.py", line 515, in dispatch
    response = self.handle_exception(exc)
  File "/home/ramil/MyProjects/Hakaton2025/.venv/lib/python3.10/site-packages/rest_framework/views.py", line 475, in handle_exception
    self.raise_uncaught_exception(exc)
  File "/home/ramil/MyProjects/Hakaton2025/.venv/lib/python3.10/site-packages/rest_framework/views.py", line 486, in raise_uncaught_exception
    raise exc
  File "/home/ramil/MyProjects/Hakaton2025/.venv/lib/python3.10/site-packages/rest_framework/views.py", line 512, in dispatch
    response = handler(request, *args, **kwargs)
  File "/home/ramil/MyProjects/Hakaton2025/.venv/lib/python3.10/site-packages/rest_framework/mixins.py", line 20, in create
    headers = self.get_success_headers(serializer.data)
  File "/home/ramil/MyProjects/Hakaton2025/.venv/lib/python3.10/site-packages/rest_framework/serializers.py", line 573, in data
    ret = super().data
  File "/home/ramil/MyProjects/Hakaton2025/.venv/lib/python3.10/site-packages/rest_framework/serializers.py", line 251, in data
    self._data = self.to_representation(self.instance)
  File "/home/ramil/MyProjects/Hakaton2025/.venv/lib/python3.10/site-packages/rest_framework/serializers.py", line 540, in to_representation
    ret[field.field_name] = field.to_representation(attribute)
  File "/home/ramil/MyProjects/Hakaton2025/.venv/lib/python3.10/site-packages/rest_framework/serializers.py", line 525, in to_representation
    for field in fields:
  File "/home/ramil/MyProjects/Hakaton2025/.venv/lib/python3.10/site-packages/rest_framework/serializers.py", line 386, in _readable_fields
    for field in self.fields.values():
  File "/home/ramil/MyProjects/Hakaton2025/.venv/lib/python3.10/site-packages/django/utils/functional.py", line 47, in __get__
    res = instance.__dict__[self.name] = self.func(instance)
  File "/home/ramil/MyProjects/Hakaton2025/.venv/lib/python3.10/site-packages/rest_framework/serializers.py", line 374, in fields
    for key, value in self.get_fields().items():
  File "/home/ramil/MyProjects/Hakaton2025/.venv/lib/python3.10/site-packages/rest_framework/serializers.py", line 1105, in get_fields
    field_class, field_kwargs = self.build_field(
  File "/home/ramil/MyProjects/Hakaton2025/.venv/lib/python3.10/site-packages/rest_framework/serializers.py", line 1251, in build_field
    return self.build_unknown_field(field_name, model_class)
  File "/home/ramil/MyProjects/Hakaton2025/.venv/lib/python3.10/site-packages/rest_framework/serializers.py", line 1369, in build_unknown_field
    raise ImproperlyConfigured(
django.core.exceptions.ImproperlyConfigured: Field name `avatar` is not valid for model `User` in `api.serializers.UserSerializer`.
Unauthorized: /api/videos/
Unauthorized: /api/videos/
Bad Request: /api/videos/
Bad Request: /api/videos/
Bad Request: /api/videos/
Bad Request: /api/videos/
Not Found: /
Internal Server Error: /api/videos/
Traceback (most recent call last):
  File "/home/ramil/MyProjects/Hakaton2025/.venv/lib/python3.10/site-packages/django/core/handlers/exception.py", line 55, in inner
    response = get_response(request)
  File "/home/ramil/MyProjects/Hakaton2025/.venv/lib/python3.10/site-packages/django/core/handlers/base.py", line 197, in _get_response
    response = wrapped_callback(request, *callback_args, **callback_kwargs)
  File "/home/ramil/MyProjects/Hakaton2025/.venv/lib/python3.10/site-packages/django/views/decorators/csrf.py", line 65, in _view_wrapper
    return view_func(request, *args, **kwargs)
  File "/home/ramil/MyProjects/Hakaton2025/.venv/lib/python3.10/site-packages/rest_framework/viewsets.py", line 125, in view
    return self.dispatch(request, *args, **kwargs)
  File "/home/ramil/MyProjects/Hakaton2025/.venv/lib/python3.10/site-packages/rest_framework/views.py", line 515, in dispatch
    response = self.handle_exception(exc)
  File "/home/ramil/MyProjects/Hakaton2025/.venv/lib/python3.10/site-packages/rest_framework/views.py", line 475, in handle_exception
    self.raise_uncaught_exception(exc)
  File "/home/ramil/MyProjects/Hakaton2025/.venv/lib/python3.10/site-packages/rest_framework/views.py", line 486, in raise_uncaught_exception
    raise exc
  File "/home/ramil/MyProjects/Hakaton2025/.venv/lib/python3.10/site-packages/rest_framework/views.py", line 512, in dispatch
    response = handler(request, *args, **kwargs)
  File "/home/ramil/MyProjects/Hakaton2025/.venv/lib/python3.10/site-packages/rest_framework/mixins.py", line 40, in list
    page = self.paginate_queryset(queryset)
  File "/home/ramil/MyProjects/Hakaton2025/.venv/lib/python3.10/site-packages/rest_framework/generics.py", line 175, in paginate_queryset
    return self.paginator.paginate_queryset(queryset, self.request, view=self)
  File "/home/ramil/MyProjects/Hakaton2025/.venv/lib/python3.10/site-packages/rest_framework/pagination.py", line 222, in paginate_queryset
    return list(self.page)
  File "/home/ramil/MyProjects/Hakaton2025/.venv/lib/python3.10/site-packages/django/core/paginator.py", line 191, in __len__
    return len(self.object_list)
  File "/home/ramil/MyProjects/Hakaton2025/.venv/lib/python3.10/site-packages/django/db/models/query.py", line 366, in __len__
    self._fetch_all()
  File "/home/ramil/MyProjects/Hakaton2025/.venv/lib/python3.10/site-packages/django/db/models/query.py", line 1951, in _fetch_all
    self._prefetch_related_objects()
  File "/home/ramil/MyProjects/Hakaton2025/.venv/lib/python3.10/site-packages/django/db/models/query.py", line 1328, in _prefetch_related_objects
    prefetch_related_objects(self._result_cache, *self._prefetch_related_lookups)
  File "/home/ramil/MyProjects/Hakaton2025/.venv/lib/python3.10/site-packages/django/db/models/query.py", line 2372, in prefetch_related_objects
    raise AttributeError(
AttributeError: Cannot find 'comments' on Video object, 'comments' is an invalid parameter to prefetch_related()
Internal Server Error: /api/videos/
Traceback (most recent call last):
  File "/home/ramil/MyProjects/Hakaton2025/.venv/lib/python3.10/site-packages/django/utils/datastructures.py", line 84, in __getitem__
    list_ = super().__getitem__(key)
KeyError: 'file'

During handling of the above exception, another exception occurred:

Traceback (most recent call last):
  File "/home/ramil/MyProjects/Hakaton2025/.venv/lib/python3.10/site-packages/django/core/handlers/exception.py", line 55, in inner
    response = get_response(request)
  File "/home/ramil/MyProjects/Hakaton2025/.venv/lib/python3.10/site-packages/django/core/handlers/base.py", line 197, in _get_response
    response = wrapped_callback(request, *callback_args, **callback_kwargs)
  File "/home/ramil/MyProjects/Hakaton2025/.venv/lib/python3.10/site-packages/django/views/decorators/csrf.py", line 65, in _view_wrapper
    return view_func(request, *args, **kwargs)
  File "/home/ramil/MyProjects/Hakaton2025/.venv/lib/python3.10/site-packages/rest_framework/viewsets.py", line 125, in view
    return self.dispatch(request, *args, **kwargs)
  File "/home/ramil/MyProjects/Hakaton2025/.venv/lib/python3.10/site-packages/rest_framework/views.py", line 515, in dispatch
    response = self.handle_exception(exc)
  File "/home/ramil/MyProjects/Hakaton2025/.venv/lib/python3.10/site-packages/rest_framework/views.py", line 475, in handle_exception
    self.raise_uncaught_exception(exc)
  File "/home/ramil/MyProjects/Hakaton2025/.venv/lib/python3.10/site-packages/rest_framework/views.py", line 486, in raise_uncaught_exception
    raise exc
  File "/home/ramil/MyProjects/Hakaton2025/.venv/lib/python3.10/site-packages/rest_framework/views.py", line 512, in dispatch
    response = handler(request, *args, **kwargs)
  File "/home/ramil/MyProjects/Hakaton2025/Correct/SkillReel/api/views.py", line 38, in create
    response = super().create(request, *args, **kwargs)
  File "/home/ramil/MyProjects/Hakaton2025/.venv/lib/python3.10/site-packages/rest_framework/mixins.py", line 19, in create
    self.perform_create(serializer)
  File "/home/ramil/MyProjects/Hakaton2025/Correct/SkillReel/api/views.py", line 46, in perform_create
    video_file = self.request.FILES['file']
  File "/home/ramil/MyProjects/Hakaton2025/.venv/lib/python3.10/site-packages/django/utils/datastructures.py", line 86, in __getitem__
    raise MultiValueDictKeyError(key)
django.utils.datastructures.MultiValueDictKeyError: 'file'
Internal Server Error: /api/videos/
Traceback (most recent call last):
  File "/home/ramil/MyProjects/Hakaton2025/.venv/lib/python3.10/site-packages/django/core/handlers/exception.py", line 55, in inner
    response = get_response(request)
  File "/home/ramil/MyProjects/Hakaton2025/.venv/lib/python3.10/site-packages/django/core/handlers/base.py", line 197, in _get_response
    response = wrapped_callback(request, *callback_args, **callback_kwargs)
  File "/home/ramil/MyProjects/Hakaton2025/.venv/lib/python3.10/site-packages/django/views/decorators/csrf.py", line 65, in _view_wrapper
    return view_func(request, *args, **kwargs)
  File "/home/ramil/MyProjects/Hakaton2025/.venv/lib/python3.10/site-packages/rest_framework/viewsets.py", line 125, in view
    return self.dispatch(request, *args, **kwargs)
  File "/home/ramil/MyProjects/Hakaton2025/.venv/lib/python3.10/site-packages/rest_framework/views.py", line 515, in dispatch
    response = self.handle_exception(exc)
  File "/home/ramil/MyProjects/Hakaton2025/.venv/lib/python3.10/site-packages/rest_framework/views.py", line 475, in handle_exception
    self.raise_uncaught_exception(exc)
  File "/home/ramil/MyProjects/Hakaton2025/.venv/lib/python3.10/site-packages/rest_framework/views.py", line 486, in raise_uncaught_exception
    raise exc
  File "/home/ramil/MyProjects/Hakaton2025/.venv/lib/python3.10/site-packages/rest_framework/views.py", line 512, in dispatch
    response = handler(request, *args, **kwargs)
  File "/home/ramil/MyProjects/Hakaton2025/Correct/SkillReel/api/views.py", line 38, in create
    response = super().create(request, *args, **kwargs)
  File "/home/ramil/MyProjects/Hakaton2025/.venv/lib/python3.10/site-packages/rest_framework/mixins.py", line 19, in create
    self.perform_create(serializer)
  File "/home/ramil/MyProjects/Hakaton2025/Correct/SkillReel/api/views.py", line 46, in perform_create
    print(request.FILES.keys())
NameError: name 'request' is not defined
Internal Server Error: /api/videos/
Traceback (most recent call last):
  File "/home/ramil/MyProjects/Hakaton2025/.venv/lib/python3.10/site-packages/django/utils/datastructures.py", line 84, in __getitem__
    list_ = super().__getitem__(key)
KeyError: 'file'

During handling of the above exception, another exception occurred:

Traceback (most recent call last):
  File "/home/ramil/MyProjects/Hakaton2025/.venv/lib/python3.10/site-packages/django/core/handlers/exception.py", line 55, in inner
    response = get_response(request)
  File "/home/ramil/MyProjects/Hakaton2025/.venv/lib/python3.10/site-packages/django/core/handlers/base.py", line 197, in _get_response
    response = wrapped_callback(request, *callback_args, **callback_kwargs)
  File "/home/ramil/MyProjects/Hakaton2025/.venv/lib/python3.10/site-packages/django/views/decorators/csrf.py", line 65, in _view_wrapper
    return view_func(request, *args, **kwargs)
  File "/home/ramil/MyProjects/Hakaton2025/.venv/lib/python3.10/site-packages/rest_framework/viewsets.py", line 125, in view
    return self.dispatch(request, *args, **kwargs)
  File "/home/ramil/MyProjects/Hakaton2025/.venv/lib/python3.10/site-packages/rest_framework/views.py", line 515, in dispatch
    response = self.handle_exception(exc)
  File "/home/ramil/MyProjects/Hakaton2025/.venv/lib/python3.10/site-packages/rest_framework/views.py", line 475, in handle_exception
    self.raise_uncaught_exception(exc)
  File "/home/ramil/MyProjects/Hakaton2025/.venv/lib/python3.10/site-packages/rest_framework/views.py", line 486, in raise_uncaught_exception
    raise exc
  File "/home/ramil/MyProjects/Hakaton2025/.venv/lib/python3.10/site-packages/rest_framework/views.py", line 512, in dispatch
    response = handler(request, *args, **kwargs)
  File "/home/ramil/MyProjects/Hakaton2025/Correct/SkillReel/api/views.py", line 38, in create
    response = super().create(request, *args, **kwargs)
  File "/home/ramil/MyProjects/Hakaton2025/.venv/lib/python3.10/site-packages/rest_framework/mixins.py", line 19, in create
    self.perform_create(serializer)
  File "/home/ramil/MyProjects/Hakaton2025/Correct/SkillReel/api/views.py", line 47, in perform_create
    video_file = self.request.FILES['file']
  File "/home/ramil/MyProjects/Hakaton2025/.venv/lib/python3.10/site-packages/django/utils/datastructures.py", line 86, in __getitem__
    raise MultiValueDictKeyError(key)
django.utils.datastructures.MultiValueDictKeyError: 'file'
Internal Server Error: /api/videos/
Traceback (most recent call last):
  File "/home/ramil/MyProjects/Hakaton2025/.venv/lib/python3.10/site-packages/django/core/handlers/exception.py", line 55, in inner
    response = get_response(request)
  File "/home/ramil/MyProjects/Hakaton2025/.venv/lib/python3.10/site-packages/django/core/handlers/base.py", line 197, in _get_response
    response = wrapped_callback(request, *callback_args, **callback_kwargs)
  File "/home/ramil/MyProjects/Hakaton2025/.venv/lib/python3.10/site-packages/django/views/decorators/csrf.py", line 65, in _view_wrapper
    return view_func(request, *args, **kwargs)
  File "/home/ramil/MyProjects/Hakaton2025/.venv/lib/python3.10/site-packages/rest_framework/viewsets.py", line 125, in view
    return self.dispatch(request, *args, **kwargs)
  File "/home/ramil/MyProjects/Hakaton2025/.venv/lib/python3.10/site-packages/rest_framework/views.py", line 515, in dispatch
    response = self.handle_exception(exc)
  File "/home/ramil/MyProjects/Hakaton2025/.venv/lib/python3.10/site-packages/rest_framework/views.py", line 475, in handle_exception
    self.raise_uncaught_exception(exc)
  File "/home/ramil/MyProjects/Hakaton2025/.venv/lib/python3.10/site-packages/rest_framework/views.py", line 486, in raise_uncaught_exception
    raise exc
  File "/home/ramil/MyProjects/Hakaton2025/.venv/lib/python3.10/site-packages/rest_framework/views.py", line 512, in dispatch
    response = handler(request, *args, **kwargs)
  File "/home/ramil/MyProjects/Hakaton2025/Correct/SkillReel/api/views.py", line 38, in create
    response = super().create(request, *args, **kwargs)
  File "/home/ramil/MyProjects/Hakaton2025/.venv/lib/python3.10/site-packages/rest_framework/mixins.py", line 19, in create
    self.perform_create(serializer)
  File "/home/ramil/MyProjects/Hakaton2025/Correct/SkillReel/api/views.py", line 48, in perform_create
    file_path = default_storage.save(f'originals/{video.id}_{video_file.name}', video_file)
NameError: name 'default_storage' is not defined
Internal Server Error: /api/videos/
Traceback (most recent call last):
  File "/home/ramil/MyProjects/Hakaton2025/.venv/lib/python3.10/site-packages/django/core/handlers/exception.py", line 55, in inner
    response = get_response(request)
  File "/home/ramil/MyProjects/Hakaton2025/.venv/lib/python3.10/site-packages/django/core/handlers/base.py", line 197, in _get_response
    response = wrapped_callback(request, *callback_args, **callback_kwargs)
  File "/home/ramil/MyProjects/Hakaton2025/.venv/lib/python3.10/site-packages/django/views/decorators/csrf.py", line 65, in _view_wrapper
    return view_func(request, *args, **kwargs)
  File "/home/ramil/MyProjects/Hakaton2025/.venv/lib/python3.10/site-packages/rest_framework/viewsets.py", line 125, in view
    return self.dispatch(request, *args, **kwargs)
  File "/home/ramil/MyProjects/Hakaton2025/.venv/lib/python3.10/site-packages/rest_framework/views.py", line 515, in dispatch
    response = self.handle_exception(exc)
  File "/home/ramil/MyProjects/Hakaton2025/.venv/lib/python3.10/site-packages/rest_framework/views.py", line 475, in handle_exception
    self.raise_uncaught_exception(exc)
  File "/home/ramil/MyProjects/Hakaton2025/.venv/lib/python3.10/site-packages/rest_framework/views.py", line 486, in raise_uncaught_exception
    raise exc
  File "/home/ramil/MyProjects/Hakaton2025/.venv/lib/python3.10/site-packages/rest_framework/views.py", line 512, in dispatch
    response = handler(request, *args, **kwargs)
  File "/home/ramil/MyProjects/Hakaton2025/Correct/SkillReel/api/views.py", line 39, in create
    response = super().create(request, *args, **kwargs)
  File "/home/ramil/MyProjects/Hakaton2025/.venv/lib/python3.10/site-packages/rest_framework/mixins.py", line 18, in create
    serializer.is_valid(raise_exception=True)
  File "/home/ramil/MyProjects/Hakaton2025/.venv/lib/python3.10/site-packages/rest_framework/serializers.py", line 225, in is_valid
    self._validated_data = self.run_validation(self.initial_data)
  File "/home/ramil/MyProjects/Hakaton2025/.venv/lib/python3.10/site-packages/rest_framework/serializers.py", line 444, in run_validation
    value = self.to_internal_value(data)
  File "/home/ramil/MyProjects/Hakaton2025/.venv/lib/python3.10/site-packages/rest_framework/serializers.py", line 497, in to_internal_value
    for field in fields:
  File "/home/ramil/MyProjects/Hakaton2025/.venv/lib/python3.10/site-packages/rest_framework/serializers.py", line 380, in _writable_fields
    for field in self.fields.values():
  File "/home/ramil/MyProjects/Hakaton2025/.venv/lib/python3.10/site-packages/django/utils/functional.py", line 47, in __get__
    res = instance.__dict__[self.name] = self.func(instance)
  File "/home/ramil/MyProjects/Hakaton2025/.venv/lib/python3.10/site-packages/rest_framework/serializers.py", line 374, in fields
    for key, value in self.get_fields().items():
  File "/home/ramil/MyProjects/Hakaton2025/.venv/lib/python3.10/site-packages/rest_framework/serializers.py", line 1081, in get_fields
    field_names = self.get_field_names(declared_fields, info)
  File "/home/ramil/MyProjects/Hakaton2025/.venv/lib/python3.10/site-packages/rest_framework/serializers.py", line 1177, in get_field_names
    assert field_name in fields, (
AssertionError: The field 'hls_url' was declared on serializer VideoSerializer, but has not been included in the 'fields' option.
Internal Server Error: /api/videos/
Traceback (most recent call last):
  File "/home/ramil/MyProjects/Hakaton2025/.venv/lib/python3.10/site-packages/django/core/handlers/exception.py", line 55, in inner
    response = get_response(request)
  File "/home/ramil/MyProjects/Hakaton2025/.venv/lib/python3.10/site-packages/django/core/handlers/base.py", line 197, in _get_response
    response = wrapped_callback(request, *callback_args, **callback_kwargs)
  File "/home/ramil/MyProjects/Hakaton2025/.venv/lib/python3.10/site-packages/django/views/decorators/csrf.py", line 65, in _view_wrapper
    return view_func(request, *args, **kwargs)
  File "/home/ramil/MyProjects/Hakaton2025/.venv/lib/python3.10/site-packages/rest_framework/viewsets.py", line 125, in view
    return self.dispatch(request, *args, **kwargs)
  File "/home/ramil/MyProjects/Hakaton2025/.venv/lib/python3.10/site-packages/rest_framework/views.py", line 515, in dispatch
    response = self.handle_exception(exc)
  File "/home/ramil/MyProjects/Hakaton2025/.venv/lib/python3.10/site-packages/rest_framework/views.py", line 475, in handle_exception
    self.raise_uncaught_exception(exc)
  File "/home/ramil/MyProjects/Hakaton2025/.venv/lib/python3.10/site-packages/rest_framework/views.py", line 486, in raise_uncaught_exception
    raise exc
  File "/home/ramil/MyProjects/Hakaton2025/.venv/lib/python3.10/site-packages/rest_framework/views.py", line 512, in dispatch
    response = handler(request, *args, **kwargs)
TypeError: VideoViewSet.create() missing 1 required positional argument: 'serializer'
